******************************************************************************
                  TI ARM Linker PC v20.2.5                     
******************************************************************************
>> Linked Sun Feb  6 15:39:51 2022

OUTPUT FILE NAME:   <QUASI_SPWM.out>
ENTRY POINT SYMBOL: "_c_int00_noargs"  address: 00000be1


MEMORY CONFIGURATION

         name            origin    length      used     unused   attr    fill
----------------------  --------  ---------  --------  --------  ----  --------
  FLASH                 00000000   00040000  00000cb8  0003f348  R  X
  SRAM                  20000000   00008000  00000214  00007dec  RW X


SEGMENT ALLOCATION MAP

run origin  load origin   length   init length attrs members
----------  ----------- ---------- ----------- ----- -------
00000000    00000000    00000cb8   00000cb8    r-x
  00000000    00000000    0000026c   0000026c    r-- .intvecs
  0000026c    0000026c    00000a14   00000a14    r-x .text
  00000c80    00000c80    00000038   00000038    r-- .cinit
20000000    20000000    00000214   00000000    rw-
  20000000    20000000    00000200   00000000    rw- .stack
  20000200    20000200    0000000c   00000000    rw- .data
  2000020c    2000020c    00000008   00000000    rw- .bss


SECTION ALLOCATION MAP

 output                                  attributes/
section   page    origin      length       input sections
--------  ----  ----------  ----------   ----------------
.intvecs   0    00000000    0000026c     
                  00000000    0000026c     tm4c1233h6pm_startup_ccs.obj (.intvecs)

.text      0    0000026c    00000a14     
                  0000026c    00000530     main.obj (.text)
                  0000079c    000001b6     rtsv7M4_T_le_v4SPD16_eabi.lib : fd_add_t2.asm.obj (.text)
                  00000952    000000fc                                   : fd_mul_t2.asm.obj (.text)
                  00000a4e    0000009c                                   : memcpy_t2.asm.obj (.text)
                  00000aea    00000068                                   : copy_decompress_lzss.c.obj (.text:decompress:lzss:__TI_decompress_lzss)
                  00000b52    00000048                                   : fd_toi_t2.asm.obj (.text)
                  00000b9a    00000002     --HOLE-- [fill = 0]
                  00000b9c    00000044                                   : autoinit.c.obj (.text:__TI_auto_init_nobinit_nopinit:__TI_auto_init_nobinit_nopinit)
                  00000be0    00000034                                   : boot_cortex_m.c.obj (.text:_c_int00_noargs:_c_int00_noargs)
                  00000c14    0000002e                                   : i_tofd_t2.asm.obj (.text)
                  00000c42    0000001c                                   : copy_zero_init.c.obj (.text:decompress:ZI:__TI_zero_init_nomemset:__TI_zero_init_nomemset)
                  00000c5e    0000000e                                   : copy_decompress_none.c.obj (.text:decompress:none:__TI_decompress_none)
                  00000c6c    0000000c     tm4c1233h6pm_startup_ccs.obj (.text)
                  00000c78    00000004     rtsv7M4_T_le_v4SPD16_eabi.lib : pre_init.c.obj (.text:_system_pre_init)
                  00000c7c    00000004                                   : exit.c.obj (.text:abort:abort)

.cinit     0    00000c80    00000038     
                  00000c80    0000000d     (.cinit..data.load) [load image, compression = lzss]
                  00000c8d    00000003     --HOLE-- [fill = 0]
                  00000c90    0000000c     (__TI_handler_table)
                  00000c9c    00000004     --HOLE-- [fill = 0]
                  00000ca0    00000008     (.cinit..bss.load) [load image, compression = zero_init]
                  00000ca8    00000010     (__TI_cinit_table)

.init_array 
*          0    00000000    00000000     UNINITIALIZED

.data      0    20000200    0000000c     UNINITIALIZED
                  20000200    0000000c     main.obj (.data)

.bss       0    2000020c    00000008     UNINITIALIZED
                  2000020c    00000004     (.common:Interrupt_number)
                  20000210    00000004     (.common:pulse_count)

.stack     0    20000000    00000200     UNINITIALIZED
                  20000000    00000004     rtsv7M4_T_le_v4SPD16_eabi.lib : boot_cortex_m.c.obj (.stack)
                  20000004    000001fc     --HOLE--

__llvm_prf_cnts 
*          0    20000000    00000000     UNINITIALIZED

MODULE SUMMARY

       Module                         code   ro data   rw data
       ------                         ----   -------   -------
    .\
       main.obj                       1328   0         20     
       tm4c1233h6pm_startup_ccs.obj   12     620       0      
    +--+------------------------------+------+---------+---------+
       Total:                         1340   620       20     
                                                              
    C:\ti\ccs1031\ccs\tools\compiler\ti-cgt-arm_20.2.5.LTS\lib\rtsv7M4_T_le_v4SPD16_eabi.lib
       fd_add_t2.asm.obj              438    0         0      
       fd_mul_t2.asm.obj              252    0         0      
       memcpy_t2.asm.obj              156    0         0      
       copy_decompress_lzss.c.obj     104    0         0      
       fd_toi_t2.asm.obj              72     0         0      
       autoinit.c.obj                 68     0         0      
       boot_cortex_m.c.obj            52     0         0      
       i_tofd_t2.asm.obj              46     0         0      
       copy_zero_init.c.obj           28     0         0      
       copy_decompress_none.c.obj     14     0         0      
       exit.c.obj                     4      0         0      
       pre_init.c.obj                 4      0         0      
    +--+------------------------------+------+---------+---------+
       Total:                         1238   0         0      
                                                              
       Stack:                         0      0         512    
       Linker Generated:              0      49        0      
    +--+------------------------------+------+---------+---------+
       Grand Total:                   2578   669       532    


LINKER GENERATED COPY TABLES

__TI_cinit_table @ 00000ca8 records: 2, size/record: 8, table size: 16
	.data: load addr=00000c80, load size=0000000d bytes, run addr=20000200, run size=0000000c bytes, compression=lzss
	.bss: load addr=00000ca0, load size=00000008 bytes, run addr=2000020c, run size=00000008 bytes, compression=zero_init


LINKER GENERATED HANDLER TABLE

__TI_handler_table @ 00000c90 records: 3, size/record: 4, table size: 12
	index: 0, handler: __TI_decompress_lzss
	index: 1, handler: __TI_decompress_none
	index: 2, handler: __TI_zero_init


GLOBAL SYMBOLS: SORTED ALPHABETICALLY BY Name 

address   name                          
-------   ----                          
00000c7d  C$$EXIT                       
2000020c  Interrupt_number              
20000200  PWM1A_Edge_number             
20000208  PWM_1B_Edge_number            
00000417  Pulse_number                  
20000204  Reload_PWM1B                  
00000c6d  ResetISR                      
000003e9  Systick_Frequency_Setup       
0000043d  Systick_Init                  
00000465  Systick_handler               
0000026d  Timer1A_Init                  
000002ef  Timer1B_Init                  
0000051b  Timer2A_Handler               
00000371  Timer2A_Init                  
00000621  Timer2B_Handler               
000004a3  Timer2B_Init                  
20000200  __STACK_END                   
00000200  __STACK_SIZE                  
20000200  __STACK_TOP                   
00000ca8  __TI_CINIT_Base               
00000cb8  __TI_CINIT_Limit              
00000c90  __TI_Handler_Table_Base       
00000c9c  __TI_Handler_Table_Limit      
00000b9d  __TI_auto_init_nobinit_nopinit
00000aeb  __TI_decompress_lzss          
00000c5f  __TI_decompress_none          
ffffffff  __TI_pprof_out_hndl           
ffffffff  __TI_prof_data_size           
ffffffff  __TI_prof_data_start          
00000000  __TI_static_base__            
00000c43  __TI_zero_init_nomemset       
00000b53  __aeabi_d2iz                  
000007a7  __aeabi_dadd                  
00000953  __aeabi_dmul                  
0000079d  __aeabi_dsub                  
00000c15  __aeabi_i2d                   
00000a4f  __aeabi_memcpy                
00000a4f  __aeabi_memcpy4               
00000a4f  __aeabi_memcpy8               
ffffffff  __binit__                     
ffffffff  __c_args__                    
UNDEFED   __mpu_init                    
20000000  __stack                       
20000000  __start___llvm_prf_cnts       
20000000  __stop___llvm_prf_cnts        
00000be1  _c_int00_noargs               
UNDEFED   _system_post_cinit            
00000c79  _system_pre_init              
00000c7d  abort                         
ffffffff  binit                         
00000000  g_pfnVectors                  
00000719  main                          
00000a4f  memcpy                        
20000210  pulse_count                   


GLOBAL SYMBOLS: SORTED BY Symbol Address 

address   name                          
-------   ----                          
00000000  __TI_static_base__            
00000000  g_pfnVectors                  
00000200  __STACK_SIZE                  
0000026d  Timer1A_Init                  
000002ef  Timer1B_Init                  
00000371  Timer2A_Init                  
000003e9  Systick_Frequency_Setup       
00000417  Pulse_number                  
0000043d  Systick_Init                  
00000465  Systick_handler               
000004a3  Timer2B_Init                  
0000051b  Timer2A_Handler               
00000621  Timer2B_Handler               
00000719  main                          
0000079d  __aeabi_dsub                  
000007a7  __aeabi_dadd                  
00000953  __aeabi_dmul                  
00000a4f  __aeabi_memcpy                
00000a4f  __aeabi_memcpy4               
00000a4f  __aeabi_memcpy8               
00000a4f  memcpy                        
00000aeb  __TI_decompress_lzss          
00000b53  __aeabi_d2iz                  
00000b9d  __TI_auto_init_nobinit_nopinit
00000be1  _c_int00_noargs               
00000c15  __aeabi_i2d                   
00000c43  __TI_zero_init_nomemset       
00000c5f  __TI_decompress_none          
00000c6d  ResetISR                      
00000c79  _system_pre_init              
00000c7d  C$$EXIT                       
00000c7d  abort                         
00000c90  __TI_Handler_Table_Base       
00000c9c  __TI_Handler_Table_Limit      
00000ca8  __TI_CINIT_Base               
00000cb8  __TI_CINIT_Limit              
20000000  __stack                       
20000000  __start___llvm_prf_cnts       
20000000  __stop___llvm_prf_cnts        
20000200  PWM1A_Edge_number             
20000200  __STACK_END                   
20000200  __STACK_TOP                   
20000204  Reload_PWM1B                  
20000208  PWM_1B_Edge_number            
2000020c  Interrupt_number              
20000210  pulse_count                   
ffffffff  __TI_pprof_out_hndl           
ffffffff  __TI_prof_data_size           
ffffffff  __TI_prof_data_start          
ffffffff  __binit__                     
ffffffff  __c_args__                    
ffffffff  binit                         
UNDEFED   __mpu_init                    
UNDEFED   _system_post_cinit            

[54 symbols]
